debug: fault context — PC=0x03A0 SP=0x08E9 X=0xF600 Y=0xF600 Z=0x0110
debug: registers — r00=0x80 r01=0x00 r02=0x00 r03=0x00 r04=0x03 r05=0x00 r06=0x00 r07=0x00 r08=0x00 r09=0x00 r10=0x00 r11=0x00 r12=0x00 r13=0x00 r14=0x00 r15=0x00 r16=0x00 r17=0x00 r18=0x67 r19=0x06 r20=0xEE r21=0x01 r22=0x01 r23=0x00 r24=0xEC r25=0x01 r26=0x00 r27=0xF6 r28=0x00 r29=0xF6 r30=0x10 r31=0x01 
sreg=0x80
debug: .data region (sram 0x100-0x13F):
  0100: 00 00 EA 01 80 00 00 00 00 00 3F 01 5F 00 8C 00
  0110: 8C 01 FD 00 9B 00 EF 00 0D 0A 00 72 65 61 64 79
  0120: 20 E2 80 94 20 74 79 70 65 20 73 6F 6D 65 74 68
  0130: 69 6E 67 3A 00 79 6F 75 20 73 61 69 64 3A 20 00
debug: .bss region (sram 0x140-0x16F):
  0140: 01 00 00 00 00 00 00 00 00 0A 01 00 00 E8 03 00
  0150: 00 00 00 00 00 C5 00 C4 00 C0 00 C1 00 C2 00 C6
  0160: 00 01 03 00 00 00 68 69 0A 00 00 00 00 00 00 00
debug: flash init values at 0xC5E: 00 00
  0C60: EA 01 80 00 00 00 00 00 3F 01 5F 00 8C 00 8C 01
  0C70: FD 00 9B 00 EF 00 0D 0A 00 72 65 61 64 79 20 E2
  0C80: 80 94 20 74 79 70 65 20 73 6F 6D 65 74 68 69 6E
  0C90: 67 3A 00 79 6F 75 20 73 61 69 64 3A 20 00 00
debug: flash at 0x0000 (reset vector):
  0x0000: 0x940C
  0x0002: 0x0035
  0x0004: 0x940C
  0x0006: 0x005D
  0x0008: 0x940C
  0x000A: 0x005D
  0x000C: 0x940C
  0x000E: 0x005D
  0x0010: 0x940C
  0x0012: 0x005D
  0x0014: 0x940C
  0x0016: 0x005D
  0x0018: 0x940C
  0x001A: 0x005D
  0x001C: 0x940C
  0x001E: 0x005D
  0x0020: 0x940C
error: invalid data-space access at PC 0x039E (instr 0x8399) during write (address 0xF601)
